[1]: Acquired lock.
[1]: Sent full signal.
[1]: Released lock.
[1]: Acquired lock.
[1]: Beginning empty await.
[2]: Acquired lock.
[2]: Sent empty signal.
[2]: Released lock.
[1]: Returned from empty await.
[1]: Sent full signal.
[1]: Released lock.
[1]: Acquired lock.
[1]: Beginning empty await.
[2]: Acquired lock.
[2]: Sent empty signal.
[2]: Released lock.
[1]: Returned from empty await.
[1]: Sent full signal.
[1]: Released lock.
[2]: Acquired lock.
[2]: Sent empty signal.
[2]: Released lock.

